Component: ARM Compiler 5.06 update 3 (build 300) Tool: armlink [4d35c9]

==============================================================================

Section Cross References

    main.o(i.Clock_Init) refers to main.o(i.Peripheral_Clock_Enable) for Peripheral_Clock_Enable
    main.o(i.Init) refers to main.o(i.Clock_Init) for Clock_Init
    main.o(i.Init) refers to delay.o(i.Delay_Init) for Delay_Init
    main.o(i.Init) refers to led.o(i.LED_Init) for LED_Init
    main.o(i.Init) refers to touch.o(i.Touch_Init) for Touch_Init
    main.o(i.Init) refers to bk2425.o(i.BK2425_Init) for BK2425_Init
    main.o(i.Init) refers to delay.o(i.Delay_ms) for Delay_ms
    main.o(i.Init) refers to led.o(.data) for led_rgb
    main.o(i.main) refers to main.o(i.Init) for Init
    main.o(i.main) refers to bk2425.o(i.BK2425_TX_Mode) for BK2425_TX_Mode
    main.o(i.main) refers to bk2425.o(i.BK2425_TxPacket) for BK2425_TxPacket
    main.o(i.main) refers to delay.o(i.Delay_ms) for Delay_ms
    main.o(i.main) refers to bk2425.o(.data) for BK2425_tx_buf
    main.o(i.main) refers to led.o(.data) for led_rgb
    delay.o(i.Delay_ms) refers to delay.o(i.Delay_us) for Delay_us
    touch.o(i.TIM3_IRQHandler) refers to dflti.o(.text) for __aeabi_ui2d
    touch.o(i.TIM3_IRQHandler) refers to dmul.o(.text) for __aeabi_dmul
    touch.o(i.TIM3_IRQHandler) refers to daddsub.o(.text) for __aeabi_dadd
    touch.o(i.TIM3_IRQHandler) refers to ddiv.o(.text) for __aeabi_ddiv
    touch.o(i.TIM3_IRQHandler) refers to dfixui.o(.text) for __aeabi_d2uiz
    touch.o(i.TIM3_IRQHandler) refers to delay.o(i.Delay1us) for Delay1us
    touch.o(i.TIM3_IRQHandler) refers to touch.o(.data) for touch_a
    touch.o(i.Tim3_Init) refers to delay.o(i.Delay1us) for Delay1us
    touch.o(i.Touch_Init) refers to touch.o(i.Tim3_Init) for Tim3_Init
    touch.o(i.Touch_Init) refers to delay.o(i.Delay_ms) for Delay_ms
    touch.o(i.Touch_Init) refers to touch.o(.data) for touch_a
    led.o(i.TIM6_IRQHandler) refers to led.o(.data) for i
    bk2425.o(i.BK2425_Init) refers to bk2425.o(i.BK2425_GPIO_Init) for BK2425_GPIO_Init
    bk2425.o(i.BK2425_Init) refers to delay.o(i.Delay_us) for Delay_us
    bk2425.o(i.BK2425_Init) refers to bk2425.o(i.BK2425_RX_Mode) for BK2425_RX_Mode
    bk2425.o(i.BK2425_RX_Mode) refers to bk2425.o(i.BK2425_Write_Buf) for BK2425_Write_Buf
    bk2425.o(i.BK2425_RX_Mode) refers to bk2425.o(i.BK2425_Write_Reg) for BK2425_Write_Reg
    bk2425.o(i.BK2425_RX_Mode) refers to bk2425.o(.constdata) for BK2425_ADDR_P0
    bk2425.o(i.BK2425_Read_Reg) refers to bk2425.o(i.BK2425_SPI_RW) for BK2425_SPI_RW
    bk2425.o(i.BK2425_SPI_RW) refers to delay.o(i.Delay_us) for Delay_us
    bk2425.o(i.BK2425_TX_Mode) refers to bk2425.o(i.BK2425_Write_Buf) for BK2425_Write_Buf
    bk2425.o(i.BK2425_TX_Mode) refers to bk2425.o(i.BK2425_Write_Reg) for BK2425_Write_Reg
    bk2425.o(i.BK2425_TX_Mode) refers to bk2425.o(.constdata) for BK2425_ADDR_P0
    bk2425.o(i.BK2425_TxPacket) refers to delay.o(i.Delay_us) for Delay_us
    bk2425.o(i.BK2425_TxPacket) refers to bk2425.o(i.BK2425_Write_Buf) for BK2425_Write_Buf
    bk2425.o(i.BK2425_TxPacket) refers to bk2425.o(i.BK2425_Read_Reg) for BK2425_Read_Reg
    bk2425.o(i.BK2425_TxPacket) refers to bk2425.o(i.BK2425_Write_Reg) for BK2425_Write_Reg
    bk2425.o(i.BK2425_Write_Buf) refers to delay.o(i.Delay_us) for Delay_us
    bk2425.o(i.BK2425_Write_Buf) refers to bk2425.o(i.BK2425_SPI_RW) for BK2425_SPI_RW
    bk2425.o(i.BK2425_Write_Reg) refers to delay.o(i.Delay_us) for Delay_us
    bk2425.o(i.BK2425_Write_Reg) refers to bk2425.o(i.BK2425_SPI_RW) for BK2425_SPI_RW
    tft.o(i.TFT_Clear) refers to tft.o(i.TFT_SetRegion) for TFT_SetRegion
    tft.o(i.TFT_Clear) refers to tft.o(i.TFT_WriteData_16Bit) for TFT_WriteData_16Bit
    tft.o(i.TFT_Display_Char) refers to tft.o(i.TFT_SetXY) for TFT_SetXY
    tft.o(i.TFT_Display_Char) refers to tft.o(i.TFT_WriteData_16Bit) for TFT_WriteData_16Bit
    tft.o(i.TFT_Display_Char) refers to tft.o(.constdata) for ASCII_8x16
    tft.o(i.TFT_Display_Str) refers to tft.o(i.TFT_Display_Char) for TFT_Display_Char
    tft.o(i.TFT_Init) refers to delay.o(i.Delay_ms) for Delay_ms
    tft.o(i.TFT_Init) refers to tft.o(i.TFT_GPIO_Init) for TFT_GPIO_Init
    tft.o(i.TFT_Init) refers to tft.o(i.TFT_Reset) for TFT_Reset
    tft.o(i.TFT_Init) refers to tft.o(i.TFT_WriteReg) for TFT_WriteReg
    tft.o(i.TFT_Init) refers to tft.o(i.TFT_WriteIndex) for TFT_WriteIndex
    tft.o(i.TFT_Init) refers to tft.o(i.TFT_WriteData_16Bit) for TFT_WriteData_16Bit
    tft.o(i.TFT_Init) refers to tft.o(i.TFT_Clear) for TFT_Clear
    tft.o(i.TFT_Init) refers to tft.o(i.TFT_Display_Str) for TFT_Display_Str
    tft.o(i.TFT_Reset) refers to delay.o(i.Delay_ms) for Delay_ms
    tft.o(i.TFT_SetRegion) refers to tft.o(i.TFT_WriteReg) for TFT_WriteReg
    tft.o(i.TFT_SetRegion) refers to tft.o(i.TFT_WriteIndex) for TFT_WriteIndex
    tft.o(i.TFT_SetXY) refers to tft.o(i.TFT_WriteReg) for TFT_WriteReg
    tft.o(i.TFT_SetXY) refers to tft.o(i.TFT_WriteIndex) for TFT_WriteIndex
    tft.o(i.TFT_WriteByte) refers to delay.o(i.Delay_us) for Delay_us
    tft.o(i.TFT_WriteData) refers to delay.o(i.Delay_us) for Delay_us
    tft.o(i.TFT_WriteData) refers to tft.o(i.TFT_WriteByte) for TFT_WriteByte
    tft.o(i.TFT_WriteData_16Bit) refers to tft.o(i.TFT_WriteData) for TFT_WriteData
    tft.o(i.TFT_WriteIndex) refers to delay.o(i.Delay_us) for Delay_us
    tft.o(i.TFT_WriteIndex) refers to tft.o(i.TFT_WriteByte) for TFT_WriteByte
    tft.o(i.TFT_WriteReg) refers to tft.o(i.TFT_WriteIndex) for TFT_WriteIndex
    tft.o(i.TFT_WriteReg) refers to tft.o(i.TFT_WriteData_16Bit) for TFT_WriteData_16Bit
    system_stm32f0xx.o(i.SystemCoreClockUpdate) refers to aeabi_sdiv.o(.text) for __aeabi_uidivmod
    system_stm32f0xx.o(i.SystemCoreClockUpdate) refers to system_stm32f0xx.o(.data) for SystemCoreClock
    system_stm32f0xx.o(i.SystemInit) refers to system_stm32f0xx.o(i.SetSysClock) for SetSysClock
    startup_stm32f030x8.o(STACK) refers (Special) to heapauxi.o(.text) for __use_two_region_memory
    startup_stm32f030x8.o(HEAP) refers (Special) to heapauxi.o(.text) for __use_two_region_memory
    startup_stm32f030x8.o(RESET) refers (Special) to heapauxi.o(.text) for __use_two_region_memory
    startup_stm32f030x8.o(RESET) refers to startup_stm32f030x8.o(STACK) for __initial_sp
    startup_stm32f030x8.o(RESET) refers to startup_stm32f030x8.o(.text) for Reset_Handler
    startup_stm32f030x8.o(RESET) refers to touch.o(i.TIM3_IRQHandler) for TIM3_IRQHandler
    startup_stm32f030x8.o(RESET) refers to led.o(i.TIM6_IRQHandler) for TIM6_IRQHandler
    startup_stm32f030x8.o(.text) refers (Special) to heapauxi.o(.text) for __use_two_region_memory
    startup_stm32f030x8.o(.text) refers to system_stm32f0xx.o(i.SystemInit) for SystemInit
    startup_stm32f030x8.o(.text) refers to __main.o(!!!main) for __main
    startup_stm32f030x8.o(.text) refers to startup_stm32f030x8.o(HEAP) for Heap_Mem
    startup_stm32f030x8.o(.text) refers to startup_stm32f030x8.o(STACK) for Stack_Mem
    __main.o(!!!main) refers to __rtentry.o(.ARM.Collect$$rtentry$$00000000) for __rt_entry
    daddsub.o(.text) refers (Special) to usenofp.o(x$fpl$usenofp) for __I$use$fp
    ddiv.o(.text) refers (Special) to usenofp.o(x$fpl$usenofp) for __I$use$fp
    ddiv.o(.text) refers to ddiv.o(.constdata) for .constdata
    ddiv.o(.constdata) refers (Special) to usenofp.o(x$fpl$usenofp) for __I$use$fp
    dfixui.o(.text) refers (Special) to usenofp.o(x$fpl$usenofp) for __I$use$fp
    dflti.o(.text) refers (Special) to usenofp.o(x$fpl$usenofp) for __I$use$fp
    dmul.o(.text) refers (Special) to usenofp.o(x$fpl$usenofp) for __I$use$fp
    __rtentry.o(.ARM.Collect$$rtentry$$00000000) refers (Special) to __rtentry2.o(.ARM.Collect$$rtentry$$0000000A) for __rt_entry_li
    __rtentry.o(.ARM.Collect$$rtentry$$00000000) refers (Special) to __rtentry2.o(.ARM.Collect$$rtentry$$0000000D) for __rt_entry_main
    __rtentry.o(.ARM.Collect$$rtentry$$00000000) refers (Special) to __rtentry2.o(.ARM.Collect$$rtentry$$0000000C) for __rt_entry_postli_1
    __rtentry.o(.ARM.Collect$$rtentry$$00000000) refers (Special) to __rtentry2.o(.ARM.Collect$$rtentry$$00000009) for __rt_entry_postsh_1
    __rtentry.o(.ARM.Collect$$rtentry$$00000000) refers (Special) to __rtentry2.o(.ARM.Collect$$rtentry$$00000002) for __rt_entry_presh_1
    __rtentry.o(.ARM.Collect$$rtentry$$00000000) refers (Special) to __rtentry4.o(.ARM.Collect$$rtentry$$00000004) for __rt_entry_sh
    aeabi_idiv0_sigfpe.o(.text) refers to rt_div0.o(.text) for __rt_div0
    __rtentry2.o(.ARM.Collect$$rtentry$$00000008) refers to boardinit2.o(.text) for _platform_post_stackheap_init
    __rtentry2.o(.ARM.Collect$$rtentry$$0000000A) refers to libinit.o(.ARM.Collect$$libinit$$00000000) for __rt_lib_init
    __rtentry2.o(.ARM.Collect$$rtentry$$0000000B) refers to boardinit3.o(.text) for _platform_post_lib_init
    __rtentry2.o(.ARM.Collect$$rtentry$$0000000D) refers to main.o(i.main) for main
    __rtentry2.o(.ARM.Collect$$rtentry$$0000000D) refers to exit.o(.text) for exit
    __rtentry2.o(.ARM.exidx) refers to __rtentry2.o(.ARM.Collect$$rtentry$$00000001) for .ARM.Collect$$rtentry$$00000001
    __rtentry2.o(.ARM.exidx) refers to __rtentry2.o(.ARM.Collect$$rtentry$$00000008) for .ARM.Collect$$rtentry$$00000008
    __rtentry2.o(.ARM.exidx) refers to __rtentry2.o(.ARM.Collect$$rtentry$$0000000A) for .ARM.Collect$$rtentry$$0000000A
    __rtentry2.o(.ARM.exidx) refers to __rtentry2.o(.ARM.Collect$$rtentry$$0000000B) for .ARM.Collect$$rtentry$$0000000B
    __rtentry2.o(.ARM.exidx) refers to __rtentry2.o(.ARM.Collect$$rtentry$$0000000D) for .ARM.Collect$$rtentry$$0000000D
    __rtentry4.o(.ARM.Collect$$rtentry$$00000004) refers to sys_stackheap_outer.o(.text) for __user_setup_stackheap
    __rtentry4.o(.ARM.exidx) refers to __rtentry4.o(.ARM.Collect$$rtentry$$00000004) for .ARM.Collect$$rtentry$$00000004
    rt_div0.o(.text) refers to defsig_fpe_outer.o(.text) for __rt_SIGFPE
    sys_stackheap_outer.o(.text) refers to libspace.o(.text) for __user_perproc_libspace
    sys_stackheap_outer.o(.text) refers to startup_stm32f030x8.o(.text) for __user_initial_stackheap
    sys_stackheap_outer.o(__vectab_stack_and_reset_area) refers to tempstk.o(.text) for __temporary_stack_top
    sys_stackheap_outer.o(__vectab_stack_and_reset_area) refers to __main.o(!!!main) for __main
    exit.o(.text) refers to rtexit.o(.ARM.Collect$$rtexit$$00000000) for __rt_exit
    defsig_fpe_outer.o(.text) refers to defsig_fpe_inner.o(.text) for __rt_SIGFPE_inner
    defsig_fpe_outer.o(.text) refers to defsig_exit.o(.text) for __sig_exit
    defsig_fpe_formal.o(.text) refers to rt_raise.o(.text) for __rt_raise
    libinit.o(.ARM.Collect$$libinit$$00000000) refers (Special) to libinit2.o(.ARM.Collect$$libinit$$0000002E) for __rt_lib_init_alloca_1
    libinit.o(.ARM.Collect$$libinit$$00000000) refers (Special) to libinit2.o(.ARM.Collect$$libinit$$0000002C) for __rt_lib_init_argv_1
    libinit.o(.ARM.Collect$$libinit$$00000000) refers (Special) to libinit2.o(.ARM.Collect$$libinit$$0000001B) for __rt_lib_init_atexit_1
    libinit.o(.ARM.Collect$$libinit$$00000000) refers (Special) to libinit2.o(.ARM.Collect$$libinit$$00000021) for __rt_lib_init_clock_1
    libinit.o(.ARM.Collect$$libinit$$00000000) refers (Special) to libinit2.o(.ARM.Collect$$libinit$$00000032) for __rt_lib_init_cpp_1
    libinit.o(.ARM.Collect$$libinit$$00000000) refers (Special) to libinit2.o(.ARM.Collect$$libinit$$00000030) for __rt_lib_init_exceptions_1
    libinit.o(.ARM.Collect$$libinit$$00000000) refers (Special) to libinit2.o(.ARM.Collect$$libinit$$00000002) for __rt_lib_init_fp_1
    libinit.o(.ARM.Collect$$libinit$$00000000) refers (Special) to libinit2.o(.ARM.Collect$$libinit$$0000001F) for __rt_lib_init_fp_trap_1
    libinit.o(.ARM.Collect$$libinit$$00000000) refers (Special) to libinit2.o(.ARM.Collect$$libinit$$00000023) for __rt_lib_init_getenv_1
    libinit.o(.ARM.Collect$$libinit$$00000000) refers (Special) to libinit2.o(.ARM.Collect$$libinit$$0000000A) for __rt_lib_init_heap_1
    libinit.o(.ARM.Collect$$libinit$$00000000) refers (Special) to libinit2.o(.ARM.Collect$$libinit$$00000011) for __rt_lib_init_lc_collate_1
    libinit.o(.ARM.Collect$$libinit$$00000000) refers (Special) to libinit2.o(.ARM.Collect$$libinit$$00000013) for __rt_lib_init_lc_ctype_1
    libinit.o(.ARM.Collect$$libinit$$00000000) refers (Special) to libinit2.o(.ARM.Collect$$libinit$$00000015) for __rt_lib_init_lc_monetary_1
    libinit.o(.ARM.Collect$$libinit$$00000000) refers (Special) to libinit2.o(.ARM.Collect$$libinit$$00000017) for __rt_lib_init_lc_numeric_1
    libinit.o(.ARM.Collect$$libinit$$00000000) refers (Special) to libinit2.o(.ARM.Collect$$libinit$$00000019) for __rt_lib_init_lc_time_1
    libinit.o(.ARM.Collect$$libinit$$00000000) refers (Special) to libinit2.o(.ARM.Collect$$libinit$$00000004) for __rt_lib_init_preinit_1
    libinit.o(.ARM.Collect$$libinit$$00000000) refers (Special) to libinit2.o(.ARM.Collect$$libinit$$0000000E) for __rt_lib_init_rand_1
    libinit.o(.ARM.Collect$$libinit$$00000000) refers (Special) to libinit2.o(.ARM.Collect$$libinit$$00000033) for __rt_lib_init_return
    libinit.o(.ARM.Collect$$libinit$$00000000) refers (Special) to libinit2.o(.ARM.Collect$$libinit$$0000001D) for __rt_lib_init_signal_1
    libinit.o(.ARM.Collect$$libinit$$00000000) refers (Special) to libinit2.o(.ARM.Collect$$libinit$$00000025) for __rt_lib_init_stdio_1
    libinit.o(.ARM.Collect$$libinit$$00000000) refers (Special) to libinit2.o(.ARM.Collect$$libinit$$0000000C) for __rt_lib_init_user_alloc_1
    libspace.o(.text) refers to libspace.o(.bss) for __libspace_start
    rtexit.o(.ARM.Collect$$rtexit$$00000000) refers (Special) to rtexit2.o(.ARM.Collect$$rtexit$$00000004) for __rt_exit_exit
    rtexit.o(.ARM.Collect$$rtexit$$00000000) refers (Special) to rtexit2.o(.ARM.Collect$$rtexit$$00000003) for __rt_exit_ls
    rtexit.o(.ARM.Collect$$rtexit$$00000000) refers (Special) to rtexit2.o(.ARM.Collect$$rtexit$$00000002) for __rt_exit_prels_1
    rtexit.o(.ARM.exidx) refers (Special) to rtexit2.o(.ARM.Collect$$rtexit$$00000004) for __rt_exit_exit
    rtexit.o(.ARM.exidx) refers (Special) to rtexit2.o(.ARM.Collect$$rtexit$$00000003) for __rt_exit_ls
    rtexit.o(.ARM.exidx) refers (Special) to rtexit2.o(.ARM.Collect$$rtexit$$00000002) for __rt_exit_prels_1
    rtexit.o(.ARM.exidx) refers to rtexit.o(.ARM.Collect$$rtexit$$00000000) for .ARM.Collect$$rtexit$$00000000
    rt_raise.o(.text) refers to __raise.o(.text) for __raise
    rt_raise.o(.text) refers to sys_exit.o(.text) for _sys_exit
    defsig_exit.o(.text) refers to sys_exit.o(.text) for _sys_exit
    defsig_fpe_inner.o(.text) refers to defsig_general.o(.text) for __default_signal_display
    libinit2.o(.ARM.Collect$$libinit$$00000010) refers to libinit2.o(.ARM.Collect$$libinit$$0000000F) for .ARM.Collect$$libinit$$0000000F
    libinit2.o(.ARM.Collect$$libinit$$00000012) refers to libinit2.o(.ARM.Collect$$libinit$$0000000F) for .ARM.Collect$$libinit$$0000000F
    libinit2.o(.ARM.Collect$$libinit$$00000014) refers to libinit2.o(.ARM.Collect$$libinit$$0000000F) for .ARM.Collect$$libinit$$0000000F
    libinit2.o(.ARM.Collect$$libinit$$00000016) refers to libinit2.o(.ARM.Collect$$libinit$$0000000F) for .ARM.Collect$$libinit$$0000000F
    libinit2.o(.ARM.Collect$$libinit$$00000018) refers to libinit2.o(.ARM.Collect$$libinit$$0000000F) for .ARM.Collect$$libinit$$0000000F
    libinit2.o(.ARM.Collect$$libinit$$00000026) refers to argv_veneer.o(.text) for __ARM_argv_veneer
    libinit2.o(.ARM.Collect$$libinit$$00000027) refers to argv_veneer.o(.text) for __ARM_argv_veneer
    sys_exit.o(.text) refers (Special) to use_no_semi.o(.text) for __I$use$semihosting
    sys_exit.o(.text) refers (Special) to indicate_semi.o(.text) for __semihosting_library_function
    rtexit2.o(.ARM.Collect$$rtexit$$00000003) refers to libshutdown.o(.ARM.Collect$$libshutdown$$00000000) for __rt_lib_shutdown
    rtexit2.o(.ARM.Collect$$rtexit$$00000004) refers to sys_exit.o(.text) for _sys_exit
    rtexit2.o(.ARM.exidx) refers to rtexit2.o(.ARM.Collect$$rtexit$$00000001) for .ARM.Collect$$rtexit$$00000001
    rtexit2.o(.ARM.exidx) refers to rtexit2.o(.ARM.Collect$$rtexit$$00000003) for .ARM.Collect$$rtexit$$00000003
    rtexit2.o(.ARM.exidx) refers to rtexit2.o(.ARM.Collect$$rtexit$$00000004) for .ARM.Collect$$rtexit$$00000004
    __raise.o(.text) refers to defsig.o(CL$$defsig) for __default_signal_handler
    defsig_general.o(.text) refers to sys_wrch.o(.text) for _ttywrch
    sys_wrch.o(.text) refers (Special) to use_no_semi.o(.text) for __I$use$semihosting
    sys_wrch.o(.text) refers (Special) to indicate_semi.o(.text) for __semihosting_library_function
    defsig.o(CL$$defsig) refers to defsig_fpe_inner.o(.text) for __rt_SIGFPE_inner
    defsig.o(CL$$defsig) refers to defsig_rtmem_inner.o(.text) for __rt_SIGRTMEM_inner
    _get_argv_nomalloc.o(.text) refers (Special) to hrguard.o(.text) for __heap_region$guard
    _get_argv_nomalloc.o(.text) refers to defsig_rtmem_outer.o(.text) for __rt_SIGRTMEM
    _get_argv_nomalloc.o(.text) refers to sys_command.o(.text) for _sys_command_string
    libshutdown.o(.ARM.Collect$$libshutdown$$00000000) refers (Special) to libshutdown2.o(.ARM.Collect$$libshutdown$$00000002) for __rt_lib_shutdown_cpp_1
    libshutdown.o(.ARM.Collect$$libshutdown$$00000000) refers (Special) to libshutdown2.o(.ARM.Collect$$libshutdown$$00000007) for __rt_lib_shutdown_fp_trap_1
    libshutdown.o(.ARM.Collect$$libshutdown$$00000000) refers (Special) to libshutdown2.o(.ARM.Collect$$libshutdown$$0000000F) for __rt_lib_shutdown_heap_1
    libshutdown.o(.ARM.Collect$$libshutdown$$00000000) refers (Special) to libshutdown2.o(.ARM.Collect$$libshutdown$$00000010) for __rt_lib_shutdown_return
    libshutdown.o(.ARM.Collect$$libshutdown$$00000000) refers (Special) to libshutdown2.o(.ARM.Collect$$libshutdown$$0000000A) for __rt_lib_shutdown_signal_1
    libshutdown.o(.ARM.Collect$$libshutdown$$00000000) refers (Special) to libshutdown2.o(.ARM.Collect$$libshutdown$$00000004) for __rt_lib_shutdown_stdio_1
    libshutdown.o(.ARM.Collect$$libshutdown$$00000000) refers (Special) to libshutdown2.o(.ARM.Collect$$libshutdown$$0000000C) for __rt_lib_shutdown_user_alloc_1
    sys_command.o(.text) refers (Special) to use_no_semi.o(.text) for __I$use$semihosting
    sys_command.o(.text) refers (Special) to indicate_semi.o(.text) for __semihosting_library_function
    defsig_abrt_inner.o(.text) refers to defsig_general.o(.text) for __default_signal_display
    defsig_rtred_inner.o(.text) refers to defsig_general.o(.text) for __default_signal_display
    defsig_rtmem_inner.o(.text) refers to defsig_general.o(.text) for __default_signal_display
    defsig_rtmem_outer.o(.text) refers to defsig_rtmem_inner.o(.text) for __rt_SIGRTMEM_inner
    defsig_rtmem_outer.o(.text) refers to defsig_exit.o(.text) for __sig_exit
    defsig_rtmem_formal.o(.text) refers to rt_raise.o(.text) for __rt_raise
    defsig_stak_inner.o(.text) refers to defsig_general.o(.text) for __default_signal_display
    defsig_pvfn_inner.o(.text) refers to defsig_general.o(.text) for __default_signal_display
    defsig_cppl_inner.o(.text) refers to defsig_general.o(.text) for __default_signal_display
    defsig_segv_inner.o(.text) refers to defsig_general.o(.text) for __default_signal_display
    defsig_other.o(.text) refers to defsig_general.o(.text) for __default_signal_display


==============================================================================

Removing Unused input sections from the image.

    Removing main.o(.rev16_text), (4 bytes).
    Removing main.o(.revsh_text), (4 bytes).
    Removing delay.o(.rev16_text), (4 bytes).
    Removing delay.o(.revsh_text), (4 bytes).
    Removing touch.o(.rev16_text), (4 bytes).
    Removing touch.o(.revsh_text), (4 bytes).
    Removing led.o(.rev16_text), (4 bytes).
    Removing led.o(.revsh_text), (4 bytes).
    Removing bk2425.o(.rev16_text), (4 bytes).
    Removing bk2425.o(.revsh_text), (4 bytes).
    Removing tft.o(.rev16_text), (4 bytes).
    Removing tft.o(.revsh_text), (4 bytes).
    Removing tft.o(i.TFT_Clear), (44 bytes).
    Removing tft.o(i.TFT_Display_Char), (160 bytes).
    Removing tft.o(i.TFT_Display_Str), (46 bytes).
    Removing tft.o(i.TFT_GPIO_Init), (48 bytes).
    Removing tft.o(i.TFT_Init), (568 bytes).
    Removing tft.o(i.TFT_Reset), (44 bytes).
    Removing tft.o(i.TFT_SetRegion), (66 bytes).
    Removing tft.o(i.TFT_SetXY), (30 bytes).
    Removing tft.o(i.TFT_WriteByte), (124 bytes).
    Removing tft.o(i.TFT_WriteData), (72 bytes).
    Removing tft.o(i.TFT_WriteData_16Bit), (18 bytes).
    Removing tft.o(i.TFT_WriteIndex), (72 bytes).
    Removing tft.o(i.TFT_WriteReg), (20 bytes).
    Removing tft.o(.constdata), (1536 bytes).
    Removing system_stm32f0xx.o(.rev16_text), (4 bytes).
    Removing system_stm32f0xx.o(.revsh_text), (4 bytes).
    Removing system_stm32f0xx.o(i.SystemCoreClockUpdate), (176 bytes).
    Removing system_stm32f0xx.o(.data), (20 bytes).
    Removing stm32f0xx_misc.o(.rev16_text), (4 bytes).
    Removing stm32f0xx_misc.o(.revsh_text), (4 bytes).
    Removing stm32f0xx_misc.o(i.NVIC_Init), (112 bytes).
    Removing stm32f0xx_misc.o(i.NVIC_SystemLPConfig), (32 bytes).
    Removing stm32f0xx_misc.o(i.SysTick_CLKSourceConfig), (36 bytes).

35 unused section(s) (total 3288 bytes) removed from the image.

==============================================================================

Image Symbol Table

    Local Symbols

    Symbol Name                              Value     Ov Type        Size  Object(Section)

    ../clib/angel/boardlib.s                 0x00000000   Number         0  boardinit3.o ABSOLUTE
    ../clib/angel/boardlib.s                 0x00000000   Number         0  boardinit2.o ABSOLUTE
    ../clib/angel/boardlib.s                 0x00000000   Number         0  boardinit1.o ABSOLUTE
    ../clib/angel/boardlib.s                 0x00000000   Number         0  boardshut.o ABSOLUTE
    ../clib/angel/handlers.s                 0x00000000   Number         0  __scatter_copy.o ABSOLUTE
    ../clib/angel/handlers.s                 0x00000000   Number         0  __scatter_zi.o ABSOLUTE
    ../clib/angel/kernel.s                   0x00000000   Number         0  __rtentry2.o ABSOLUTE
    ../clib/angel/kernel.s                   0x00000000   Number         0  __rtentry.o ABSOLUTE
    ../clib/angel/kernel.s                   0x00000000   Number         0  rtexit2.o ABSOLUTE
    ../clib/angel/kernel.s                   0x00000000   Number         0  __rtentry4.o ABSOLUTE
    ../clib/angel/kernel.s                   0x00000000   Number         0  rtexit.o ABSOLUTE
    ../clib/angel/rt.s                       0x00000000   Number         0  rt_raise.o ABSOLUTE
    ../clib/angel/rt.s                       0x00000000   Number         0  aeabi_idiv0.o ABSOLUTE
    ../clib/angel/rt.s                       0x00000000   Number         0  aeabi_idiv0_sigfpe.o ABSOLUTE
    ../clib/angel/rt.s                       0x00000000   Number         0  rt_div0.o ABSOLUTE
    ../clib/angel/scatterp.s                 0x00000000   Number         0  __scatter.o ABSOLUTE
    ../clib/angel/startup.s                  0x00000000   Number         0  __main.o ABSOLUTE
    ../clib/angel/sys.s                      0x00000000   Number         0  sys_stackheap_outer.o ABSOLUTE
    ../clib/angel/sys.s                      0x00000000   Number         0  indicate_semi.o ABSOLUTE
    ../clib/angel/sys.s                      0x00000000   Number         0  use_no_semi.o ABSOLUTE
    ../clib/angel/sys.s                      0x00000000   Number         0  tempstk.o ABSOLUTE
    ../clib/angel/sys.s                      0x00000000   Number         0  libspace.o ABSOLUTE
    ../clib/angel/sysapp.c                   0x00000000   Number         0  sys_exit.o ABSOLUTE
    ../clib/angel/sysapp.c                   0x00000000   Number         0  sys_command.o ABSOLUTE
    ../clib/angel/sysapp.c                   0x00000000   Number         0  sys_wrch.o ABSOLUTE
    ../clib/armsys.c                         0x00000000   Number         0  no_argv.o ABSOLUTE
    ../clib/armsys.c                         0x00000000   Number         0  argv_veneer.o ABSOLUTE
    ../clib/armsys.c                         0x00000000   Number         0  _get_argv_nomalloc.o ABSOLUTE
    ../clib/division.s                       0x00000000   Number         0  aeabi_sdiv.o ABSOLUTE
    ../clib/division.s                       0x00000000   Number         0  aeabi_sdiv_div0.o ABSOLUTE
    ../clib/heapalloc.c                      0x00000000   Number         0  hrguard.o ABSOLUTE
    ../clib/heapaux.c                        0x00000000   Number         0  heapauxi.o ABSOLUTE
    ../clib/libinit.s                        0x00000000   Number         0  libshutdown.o ABSOLUTE
    ../clib/libinit.s                        0x00000000   Number         0  libshutdown2.o ABSOLUTE
    ../clib/libinit.s                        0x00000000   Number         0  libinit2.o ABSOLUTE
    ../clib/libinit.s                        0x00000000   Number         0  libinit.o ABSOLUTE
    ../clib/signal.c                         0x00000000   Number         0  defsig_rtmem_inner.o ABSOLUTE
    ../clib/signal.c                         0x00000000   Number         0  defsig_abrt_inner.o ABSOLUTE
    ../clib/signal.c                         0x00000000   Number         0  defsig_cppl_inner.o ABSOLUTE
    ../clib/signal.c                         0x00000000   Number         0  defsig_general.o ABSOLUTE
    ../clib/signal.c                         0x00000000   Number         0  __raise.o ABSOLUTE
    ../clib/signal.c                         0x00000000   Number         0  defsig_fpe_formal.o ABSOLUTE
    ../clib/signal.c                         0x00000000   Number         0  defsig_fpe_outer.o ABSOLUTE
    ../clib/signal.c                         0x00000000   Number         0  defsig_rtred_inner.o ABSOLUTE
    ../clib/signal.c                         0x00000000   Number         0  defsig_other.o ABSOLUTE
    ../clib/signal.c                         0x00000000   Number         0  defsig_fpe_inner.o ABSOLUTE
    ../clib/signal.c                         0x00000000   Number         0  defsig_segv_inner.o ABSOLUTE
    ../clib/signal.c                         0x00000000   Number         0  defsig_pvfn_inner.o ABSOLUTE
    ../clib/signal.c                         0x00000000   Number         0  defsig_stak_inner.o ABSOLUTE
    ../clib/signal.c                         0x00000000   Number         0  defsig_rtmem_formal.o ABSOLUTE
    ../clib/signal.c                         0x00000000   Number         0  defsig_rtmem_outer.o ABSOLUTE
    ../clib/signal.c                         0x00000000   Number         0  defsig_exit.o ABSOLUTE
    ../clib/signal.s                         0x00000000   Number         0  defsig.o ABSOLUTE
    ../clib/stdlib.c                         0x00000000   Number         0  exit.o ABSOLUTE
    ../fplib/cfplib/daddsub.c                0x00000000   Number         0  daddsub.o ABSOLUTE
    ../fplib/cfplib/ddiv.c                   0x00000000   Number         0  ddiv.o ABSOLUTE
    ../fplib/cfplib/dmul.c                   0x00000000   Number         0  dmul.o ABSOLUTE
    ../fplib/cfplib/ffix.c                   0x00000000   Number         0  dfixui.o ABSOLUTE
    ../fplib/cfplib/fflt.c                   0x00000000   Number         0  dflti.o ABSOLUTE
    ../fplib/cfplib/fpinit.c                 0x00000000   Number         0  fpinit.o ABSOLUTE
    ../fplib/usenofp.s                       0x00000000   Number         0  usenofp.o ABSOLUTE
    ..\App\BK2425.c                          0x00000000   Number         0  bk2425.o ABSOLUTE
    ..\App\LED.c                             0x00000000   Number         0  led.o ABSOLUTE
    ..\App\TFT.c                             0x00000000   Number         0  tft.o ABSOLUTE
    ..\Bsp\startup_stm32f030x8.s             0x00000000   Number         0  startup_stm32f030x8.o ABSOLUTE
    ..\Bsp\stm32f0xx_misc.c                  0x00000000   Number         0  stm32f0xx_misc.o ABSOLUTE
    ..\Bsp\system_stm32f0xx.c                0x00000000   Number         0  system_stm32f0xx.o ABSOLUTE
    ..\User\Delay.c                          0x00000000   Number         0  delay.o ABSOLUTE
    ..\User\Main.c                           0x00000000   Number         0  main.o ABSOLUTE
    ..\User\Touch.c                          0x00000000   Number         0  touch.o ABSOLUTE
    ..\\App\\BK2425.c                        0x00000000   Number         0  bk2425.o ABSOLUTE
    ..\\App\\LED.c                           0x00000000   Number         0  led.o ABSOLUTE
    ..\\App\\TFT.c                           0x00000000   Number         0  tft.o ABSOLUTE
    ..\\Bsp\\stm32f0xx_misc.c                0x00000000   Number         0  stm32f0xx_misc.o ABSOLUTE
    ..\\Bsp\\system_stm32f0xx.c              0x00000000   Number         0  system_stm32f0xx.o ABSOLUTE
    ..\\User\\Delay.c                        0x00000000   Number         0  delay.o ABSOLUTE
    ..\\User\\Main.c                         0x00000000   Number         0  main.o ABSOLUTE
    ..\\User\\Touch.c                        0x00000000   Number         0  touch.o ABSOLUTE
    dc.s                                     0x00000000   Number         0  dc.o ABSOLUTE
    RESET                                    0x08000000   Section      180  startup_stm32f030x8.o(RESET)
    !!!main                                  0x080000b4   Section        8  __main.o(!!!main)
    !!!scatter                               0x080000bc   Section       60  __scatter.o(!!!scatter)
    !!handler_copy                           0x080000f8   Section       26  __scatter_copy.o(!!handler_copy)
    !!handler_zi                             0x08000114   Section       28  __scatter_zi.o(!!handler_zi)
    .ARM.Collect$$libinit$$00000000          0x08000130   Section        2  libinit.o(.ARM.Collect$$libinit$$00000000)
    .ARM.Collect$$libinit$$00000002          0x08000132   Section        0  libinit2.o(.ARM.Collect$$libinit$$00000002)
    .ARM.Collect$$libinit$$00000004          0x08000132   Section        0  libinit2.o(.ARM.Collect$$libinit$$00000004)
    .ARM.Collect$$libinit$$0000000A          0x08000132   Section        0  libinit2.o(.ARM.Collect$$libinit$$0000000A)
    .ARM.Collect$$libinit$$0000000C          0x08000132   Section        0  libinit2.o(.ARM.Collect$$libinit$$0000000C)
    .ARM.Collect$$libinit$$0000000E          0x08000132   Section        0  libinit2.o(.ARM.Collect$$libinit$$0000000E)
    .ARM.Collect$$libinit$$00000011          0x08000132   Section        0  libinit2.o(.ARM.Collect$$libinit$$00000011)
    .ARM.Collect$$libinit$$00000013          0x08000132   Section        0  libinit2.o(.ARM.Collect$$libinit$$00000013)
    .ARM.Collect$$libinit$$00000015          0x08000132   Section        0  libinit2.o(.ARM.Collect$$libinit$$00000015)
    .ARM.Collect$$libinit$$00000017          0x08000132   Section        0  libinit2.o(.ARM.Collect$$libinit$$00000017)
    .ARM.Collect$$libinit$$00000019          0x08000132   Section        0  libinit2.o(.ARM.Collect$$libinit$$00000019)
    .ARM.Collect$$libinit$$0000001B          0x08000132   Section        0  libinit2.o(.ARM.Collect$$libinit$$0000001B)
    .ARM.Collect$$libinit$$0000001D          0x08000132   Section        0  libinit2.o(.ARM.Collect$$libinit$$0000001D)
    .ARM.Collect$$libinit$$0000001F          0x08000132   Section        0  libinit2.o(.ARM.Collect$$libinit$$0000001F)
    .ARM.Collect$$libinit$$00000021          0x08000132   Section        0  libinit2.o(.ARM.Collect$$libinit$$00000021)
    .ARM.Collect$$libinit$$00000023          0x08000132   Section        0  libinit2.o(.ARM.Collect$$libinit$$00000023)
    .ARM.Collect$$libinit$$00000025          0x08000132   Section        0  libinit2.o(.ARM.Collect$$libinit$$00000025)
    .ARM.Collect$$libinit$$0000002C          0x08000132   Section        0  libinit2.o(.ARM.Collect$$libinit$$0000002C)
    .ARM.Collect$$libinit$$0000002E          0x08000132   Section        0  libinit2.o(.ARM.Collect$$libinit$$0000002E)
    .ARM.Collect$$libinit$$00000030          0x08000132   Section        0  libinit2.o(.ARM.Collect$$libinit$$00000030)
    .ARM.Collect$$libinit$$00000032          0x08000132   Section        0  libinit2.o(.ARM.Collect$$libinit$$00000032)
    .ARM.Collect$$libinit$$00000033          0x08000132   Section        2  libinit2.o(.ARM.Collect$$libinit$$00000033)
    .ARM.Collect$$libshutdown$$00000000      0x08000134   Section        2  libshutdown.o(.ARM.Collect$$libshutdown$$00000000)
    .ARM.Collect$$libshutdown$$00000002      0x08000136   Section        0  libshutdown2.o(.ARM.Collect$$libshutdown$$00000002)
    .ARM.Collect$$libshutdown$$00000004      0x08000136   Section        0  libshutdown2.o(.ARM.Collect$$libshutdown$$00000004)
    .ARM.Collect$$libshutdown$$00000007      0x08000136   Section        0  libshutdown2.o(.ARM.Collect$$libshutdown$$00000007)
    .ARM.Collect$$libshutdown$$0000000A      0x08000136   Section        0  libshutdown2.o(.ARM.Collect$$libshutdown$$0000000A)
    .ARM.Collect$$libshutdown$$0000000C      0x08000136   Section        0  libshutdown2.o(.ARM.Collect$$libshutdown$$0000000C)
    .ARM.Collect$$libshutdown$$0000000F      0x08000136   Section        0  libshutdown2.o(.ARM.Collect$$libshutdown$$0000000F)
    .ARM.Collect$$libshutdown$$00000010      0x08000136   Section        2  libshutdown2.o(.ARM.Collect$$libshutdown$$00000010)
    .ARM.Collect$$rtentry$$00000000          0x08000138   Section        0  __rtentry.o(.ARM.Collect$$rtentry$$00000000)
    .ARM.Collect$$rtentry$$00000002          0x08000138   Section        0  __rtentry2.o(.ARM.Collect$$rtentry$$00000002)
    .ARM.Collect$$rtentry$$00000004          0x08000138   Section        6  __rtentry4.o(.ARM.Collect$$rtentry$$00000004)
    .ARM.Collect$$rtentry$$00000009          0x0800013e   Section        0  __rtentry2.o(.ARM.Collect$$rtentry$$00000009)
    .ARM.Collect$$rtentry$$0000000A          0x0800013e   Section        4  __rtentry2.o(.ARM.Collect$$rtentry$$0000000A)
    .ARM.Collect$$rtentry$$0000000C          0x08000142   Section        0  __rtentry2.o(.ARM.Collect$$rtentry$$0000000C)
    .ARM.Collect$$rtentry$$0000000D          0x08000142   Section        8  __rtentry2.o(.ARM.Collect$$rtentry$$0000000D)
    .ARM.Collect$$rtexit$$00000000           0x0800014a   Section        2  rtexit.o(.ARM.Collect$$rtexit$$00000000)
    .ARM.Collect$$rtexit$$00000002           0x0800014c   Section        0  rtexit2.o(.ARM.Collect$$rtexit$$00000002)
    .ARM.Collect$$rtexit$$00000003           0x0800014c   Section        4  rtexit2.o(.ARM.Collect$$rtexit$$00000003)
    .ARM.Collect$$rtexit$$00000004           0x08000150   Section        6  rtexit2.o(.ARM.Collect$$rtexit$$00000004)
    .text                                    0x08000158   Section       56  startup_stm32f030x8.o(.text)
    .text                                    0x08000190   Section        0  heapauxi.o(.text)
    .text                                    0x08000198   Section        0  daddsub.o(.text)
    _dadd1                                   0x08000199   Thumb Code   290  daddsub.o(.text)
    _dsub1                                   0x080002bb   Thumb Code   470  daddsub.o(.text)
    .text                                    0x080004f0   Section        0  ddiv.o(.text)
    .text                                    0x08000938   Section        0  dfixui.o(.text)
    .text                                    0x08000980   Section        0  dflti.o(.text)
    .text                                    0x080009d8   Section        0  dmul.o(.text)
    .text                                    0x08000c20   Section       62  sys_stackheap_outer.o(.text)
    .text                                    0x08000c5e   Section        0  exit.o(.text)
    .text                                    0x08000c70   Section        8  libspace.o(.text)
    .text                                    0x08000c78   Section        0  sys_exit.o(.text)
    .text                                    0x08000c84   Section        2  use_no_semi.o(.text)
    .text                                    0x08000c86   Section        0  indicate_semi.o(.text)
    i.BK2425_GPIO_Init                       0x08000c88   Section        0  bk2425.o(i.BK2425_GPIO_Init)
    i.BK2425_Init                            0x08000cf4   Section        0  bk2425.o(i.BK2425_Init)
    i.BK2425_RX_Mode                         0x08000d28   Section        0  bk2425.o(i.BK2425_RX_Mode)
    i.BK2425_Read_Reg                        0x08000d94   Section        0  bk2425.o(i.BK2425_Read_Reg)
    i.BK2425_SPI_RW                          0x08000dcc   Section        0  bk2425.o(i.BK2425_SPI_RW)
    i.BK2425_TX_Mode                         0x08000e68   Section        0  bk2425.o(i.BK2425_TX_Mode)
    i.BK2425_TxPacket                        0x08000ec8   Section        0  bk2425.o(i.BK2425_TxPacket)
    i.BK2425_Write_Buf                       0x08000f48   Section        0  bk2425.o(i.BK2425_Write_Buf)
    i.BK2425_Write_Reg                       0x08000fa4   Section        0  bk2425.o(i.BK2425_Write_Reg)
    i.Clock_Init                             0x08000ff4   Section        0  main.o(i.Clock_Init)
    i.Delay1us                               0x0800105c   Section        0  delay.o(i.Delay1us)
    i.Delay_Init                             0x08001078   Section        0  delay.o(i.Delay_Init)
    i.Delay_ms                               0x0800108c   Section        0  delay.o(i.Delay_ms)
    i.Delay_us                               0x080010a4   Section        0  delay.o(i.Delay_us)
    i.Init                                   0x080010e0   Section        0  main.o(i.Init)
    i.LED_Init                               0x08001110   Section        0  led.o(i.LED_Init)
    i.Peripheral_Clock_Enable                0x080011e0   Section        0  main.o(i.Peripheral_Clock_Enable)
    i.SetSysClock                            0x08001238   Section        0  system_stm32f0xx.o(i.SetSysClock)
    SetSysClock                              0x08001239   Thumb Code   206  system_stm32f0xx.o(i.SetSysClock)
    i.SystemInit                             0x08001310   Section        0  system_stm32f0xx.o(i.SystemInit)
    i.TIM3_IRQHandler                        0x0800138c   Section        0  touch.o(i.TIM3_IRQHandler)
    i.TIM6_IRQHandler                        0x08001578   Section        0  led.o(i.TIM6_IRQHandler)
    i.Tim3_Init                              0x08001644   Section        0  touch.o(i.Tim3_Init)
    i.Touch_Init                             0x0800176c   Section        0  touch.o(i.Touch_Init)
    i.main                                   0x080017a4   Section        0  main.o(i.main)
    .constdata                               0x08001830   Section       14  bk2425.o(.constdata)
    x$fpl$usenofp                            0x08001830   Section        0  usenofp.o(x$fpl$usenofp)
    .constdata                               0x0800183e   Section      128  ddiv.o(.constdata)
    ddiv_reciptbl                            0x0800183e   Data         128  ddiv.o(.constdata)
    .data                                    0x20000000   Section       20  touch.o(.data)
    .data                                    0x20000014   Section        4  led.o(.data)
    i                                        0x20000017   Data           1  led.o(.data)
    .data                                    0x20000018   Section       32  bk2425.o(.data)
    .bss                                     0x20000038   Section       96  libspace.o(.bss)
    HEAP                                     0x20000098   Section      512  startup_stm32f030x8.o(HEAP)
    Heap_Mem                                 0x20000098   Data         512  startup_stm32f030x8.o(HEAP)
    STACK                                    0x20000298   Section     1024  startup_stm32f030x8.o(STACK)
    Stack_Mem                                0x20000298   Data        1024  startup_stm32f030x8.o(STACK)
    __initial_sp                             0x20000698   Data           0  startup_stm32f030x8.o(STACK)

    Global Symbols

    Symbol Name                              Value     Ov Type        Size  Object(Section)

    BuildAttributes$$THM_ISAv3M$S$PE$A:L22$X:L11$S22$IEEE1$IW$USESV6$~STKCKD$USESV7$~SHL$OSPACE$ROPI$EBA8$UX$STANDARDLIB$REQ8$PRES8$EABIv2 0x00000000   Number         0  anon$$obj.o ABSOLUTE
    __ARM_use_no_argv                        0x00000000   Number         0  main.o ABSOLUTE
    __ARM_exceptions_init                     - Undefined Weak Reference
    __alloca_initialize                       - Undefined Weak Reference
    __arm_preinit_                            - Undefined Weak Reference
    __cpp_initialize__aeabi_                  - Undefined Weak Reference
    __cxa_finalize                            - Undefined Weak Reference
    __rt_locale                               - Undefined Weak Reference
    __sigvec_lookup                           - Undefined Weak Reference
    _atexit_init                              - Undefined Weak Reference
    _call_atexit_fns                          - Undefined Weak Reference
    _clock_init                               - Undefined Weak Reference
    _fp_trap_init                             - Undefined Weak Reference
    _fp_trap_shutdown                         - Undefined Weak Reference
    _get_lc_collate                           - Undefined Weak Reference
    _get_lc_ctype                             - Undefined Weak Reference
    _get_lc_monetary                          - Undefined Weak Reference
    _get_lc_numeric                           - Undefined Weak Reference
    _get_lc_time                              - Undefined Weak Reference
    _getenv_init                              - Undefined Weak Reference
    _handle_redirection                       - Undefined Weak Reference
    _init_alloc                               - Undefined Weak Reference
    _init_user_alloc                          - Undefined Weak Reference
    _initio                                   - Undefined Weak Reference
    _rand_init                                - Undefined Weak Reference
    _signal_finish                            - Undefined Weak Reference
    _signal_init                              - Undefined Weak Reference
    _terminate_alloc                          - Undefined Weak Reference
    _terminate_user_alloc                     - Undefined Weak Reference
    _terminateio                              - Undefined Weak Reference
    __Vectors_Size                           0x000000b4   Number         0  startup_stm32f030x8.o ABSOLUTE
    __Vectors                                0x08000000   Data           4  startup_stm32f030x8.o(RESET)
    __Vectors_End                            0x080000b4   Data           0  startup_stm32f030x8.o(RESET)
    __main                                   0x080000b5   Thumb Code     8  __main.o(!!!main)
    __scatterload                            0x080000bd   Thumb Code     0  __scatter.o(!!!scatter)
    __scatterload_rt2                        0x080000bd   Thumb Code    52  __scatter.o(!!!scatter)
    __scatterload_rt2_thumb_only             0x080000bd   Thumb Code     0  __scatter.o(!!!scatter)
    __scatterload_null                       0x080000cd   Thumb Code     0  __scatter.o(!!!scatter)
    __scatterload_copy                       0x080000f9   Thumb Code    26  __scatter_copy.o(!!handler_copy)
    __scatterload_zeroinit                   0x08000115   Thumb Code    28  __scatter_zi.o(!!handler_zi)
    __rt_lib_init                            0x08000131   Thumb Code     0  libinit.o(.ARM.Collect$$libinit$$00000000)
    __rt_lib_init_alloca_1                   0x08000133   Thumb Code     0  libinit2.o(.ARM.Collect$$libinit$$0000002E)
    __rt_lib_init_argv_1                     0x08000133   Thumb Code     0  libinit2.o(.ARM.Collect$$libinit$$0000002C)
    __rt_lib_init_atexit_1                   0x08000133   Thumb Code     0  libinit2.o(.ARM.Collect$$libinit$$0000001B)
    __rt_lib_init_clock_1                    0x08000133   Thumb Code     0  libinit2.o(.ARM.Collect$$libinit$$00000021)
    __rt_lib_init_cpp_1                      0x08000133   Thumb Code     0  libinit2.o(.ARM.Collect$$libinit$$00000032)
    __rt_lib_init_exceptions_1               0x08000133   Thumb Code     0  libinit2.o(.ARM.Collect$$libinit$$00000030)
    __rt_lib_init_fp_1                       0x08000133   Thumb Code     0  libinit2.o(.ARM.Collect$$libinit$$00000002)
    __rt_lib_init_fp_trap_1                  0x08000133   Thumb Code     0  libinit2.o(.ARM.Collect$$libinit$$0000001F)
    __rt_lib_init_getenv_1                   0x08000133   Thumb Code     0  libinit2.o(.ARM.Collect$$libinit$$00000023)
    __rt_lib_init_heap_1                     0x08000133   Thumb Code     0  libinit2.o(.ARM.Collect$$libinit$$0000000A)
    __rt_lib_init_lc_collate_1               0x08000133   Thumb Code     0  libinit2.o(.ARM.Collect$$libinit$$00000011)
    __rt_lib_init_lc_ctype_1                 0x08000133   Thumb Code     0  libinit2.o(.ARM.Collect$$libinit$$00000013)
    __rt_lib_init_lc_monetary_1              0x08000133   Thumb Code     0  libinit2.o(.ARM.Collect$$libinit$$00000015)
    __rt_lib_init_lc_numeric_1               0x08000133   Thumb Code     0  libinit2.o(.ARM.Collect$$libinit$$00000017)
    __rt_lib_init_lc_time_1                  0x08000133   Thumb Code     0  libinit2.o(.ARM.Collect$$libinit$$00000019)
    __rt_lib_init_preinit_1                  0x08000133   Thumb Code     0  libinit2.o(.ARM.Collect$$libinit$$00000004)
    __rt_lib_init_rand_1                     0x08000133   Thumb Code     0  libinit2.o(.ARM.Collect$$libinit$$0000000E)
    __rt_lib_init_return                     0x08000133   Thumb Code     0  libinit2.o(.ARM.Collect$$libinit$$00000033)
    __rt_lib_init_signal_1                   0x08000133   Thumb Code     0  libinit2.o(.ARM.Collect$$libinit$$0000001D)
    __rt_lib_init_stdio_1                    0x08000133   Thumb Code     0  libinit2.o(.ARM.Collect$$libinit$$00000025)
    __rt_lib_init_user_alloc_1               0x08000133   Thumb Code     0  libinit2.o(.ARM.Collect$$libinit$$0000000C)
    __rt_lib_shutdown                        0x08000135   Thumb Code     0  libshutdown.o(.ARM.Collect$$libshutdown$$00000000)
    __rt_lib_shutdown_cpp_1                  0x08000137   Thumb Code     0  libshutdown2.o(.ARM.Collect$$libshutdown$$00000002)
    __rt_lib_shutdown_fp_trap_1              0x08000137   Thumb Code     0  libshutdown2.o(.ARM.Collect$$libshutdown$$00000007)
    __rt_lib_shutdown_heap_1                 0x08000137   Thumb Code     0  libshutdown2.o(.ARM.Collect$$libshutdown$$0000000F)
    __rt_lib_shutdown_return                 0x08000137   Thumb Code     0  libshutdown2.o(.ARM.Collect$$libshutdown$$00000010)
    __rt_lib_shutdown_signal_1               0x08000137   Thumb Code     0  libshutdown2.o(.ARM.Collect$$libshutdown$$0000000A)
    __rt_lib_shutdown_stdio_1                0x08000137   Thumb Code     0  libshutdown2.o(.ARM.Collect$$libshutdown$$00000004)
    __rt_lib_shutdown_user_alloc_1           0x08000137   Thumb Code     0  libshutdown2.o(.ARM.Collect$$libshutdown$$0000000C)
    __rt_entry                               0x08000139   Thumb Code     0  __rtentry.o(.ARM.Collect$$rtentry$$00000000)
    __rt_entry_presh_1                       0x08000139   Thumb Code     0  __rtentry2.o(.ARM.Collect$$rtentry$$00000002)
    __rt_entry_sh                            0x08000139   Thumb Code     0  __rtentry4.o(.ARM.Collect$$rtentry$$00000004)
    __rt_entry_li                            0x0800013f   Thumb Code     0  __rtentry2.o(.ARM.Collect$$rtentry$$0000000A)
    __rt_entry_postsh_1                      0x0800013f   Thumb Code     0  __rtentry2.o(.ARM.Collect$$rtentry$$00000009)
    __rt_entry_main                          0x08000143   Thumb Code     0  __rtentry2.o(.ARM.Collect$$rtentry$$0000000D)
    __rt_entry_postli_1                      0x08000143   Thumb Code     0  __rtentry2.o(.ARM.Collect$$rtentry$$0000000C)
    __rt_exit                                0x0800014b   Thumb Code     0  rtexit.o(.ARM.Collect$$rtexit$$00000000)
    __rt_exit_ls                             0x0800014d   Thumb Code     0  rtexit2.o(.ARM.Collect$$rtexit$$00000003)
    __rt_exit_prels_1                        0x0800014d   Thumb Code     0  rtexit2.o(.ARM.Collect$$rtexit$$00000002)
    __rt_exit_exit                           0x08000151   Thumb Code     0  rtexit2.o(.ARM.Collect$$rtexit$$00000004)
    Reset_Handler                            0x08000159   Thumb Code     8  startup_stm32f030x8.o(.text)
    NMI_Handler                              0x08000161   Thumb Code     2  startup_stm32f030x8.o(.text)
    HardFault_Handler                        0x08000163   Thumb Code     2  startup_stm32f030x8.o(.text)
    SVC_Handler                              0x08000165   Thumb Code     2  startup_stm32f030x8.o(.text)
    PendSV_Handler                           0x08000167   Thumb Code     2  startup_stm32f030x8.o(.text)
    SysTick_Handler                          0x08000169   Thumb Code     2  startup_stm32f030x8.o(.text)
    ADC1_IRQHandler                          0x0800016b   Thumb Code     0  startup_stm32f030x8.o(.text)
    DMA1_Channel1_IRQHandler                 0x0800016b   Thumb Code     0  startup_stm32f030x8.o(.text)
    DMA1_Channel2_3_IRQHandler               0x0800016b   Thumb Code     0  startup_stm32f030x8.o(.text)
    DMA1_Channel4_5_IRQHandler               0x0800016b   Thumb Code     0  startup_stm32f030x8.o(.text)
    EXTI0_1_IRQHandler                       0x0800016b   Thumb Code     0  startup_stm32f030x8.o(.text)
    EXTI2_3_IRQHandler                       0x0800016b   Thumb Code     0  startup_stm32f030x8.o(.text)
    EXTI4_15_IRQHandler                      0x0800016b   Thumb Code     0  startup_stm32f030x8.o(.text)
    FLASH_IRQHandler                         0x0800016b   Thumb Code     0  startup_stm32f030x8.o(.text)
    I2C1_IRQHandler                          0x0800016b   Thumb Code     0  startup_stm32f030x8.o(.text)
    I2C2_IRQHandler                          0x0800016b   Thumb Code     0  startup_stm32f030x8.o(.text)
    RCC_IRQHandler                           0x0800016b   Thumb Code     0  startup_stm32f030x8.o(.text)
    RTC_IRQHandler                           0x0800016b   Thumb Code     0  startup_stm32f030x8.o(.text)
    SPI1_IRQHandler                          0x0800016b   Thumb Code     0  startup_stm32f030x8.o(.text)
    SPI2_IRQHandler                          0x0800016b   Thumb Code     0  startup_stm32f030x8.o(.text)
    TIM14_IRQHandler                         0x0800016b   Thumb Code     0  startup_stm32f030x8.o(.text)
    TIM15_IRQHandler                         0x0800016b   Thumb Code     0  startup_stm32f030x8.o(.text)
    TIM16_IRQHandler                         0x0800016b   Thumb Code     0  startup_stm32f030x8.o(.text)
    TIM17_IRQHandler                         0x0800016b   Thumb Code     0  startup_stm32f030x8.o(.text)
    TIM1_BRK_UP_TRG_COM_IRQHandler           0x0800016b   Thumb Code     0  startup_stm32f030x8.o(.text)
    TIM1_CC_IRQHandler                       0x0800016b   Thumb Code     0  startup_stm32f030x8.o(.text)
    USART1_IRQHandler                        0x0800016b   Thumb Code     0  startup_stm32f030x8.o(.text)
    USART2_IRQHandler                        0x0800016b   Thumb Code     0  startup_stm32f030x8.o(.text)
    WWDG_IRQHandler                          0x0800016b   Thumb Code     0  startup_stm32f030x8.o(.text)
    __user_initial_stackheap                 0x0800016d   Thumb Code     0  startup_stm32f030x8.o(.text)
    __use_two_region_memory                  0x08000191   Thumb Code     2  heapauxi.o(.text)
    __rt_heap_escrow$2region                 0x08000193   Thumb Code     2  heapauxi.o(.text)
    __rt_heap_expand$2region                 0x08000195   Thumb Code     2  heapauxi.o(.text)
    __aeabi_dadd                             0x08000491   Thumb Code     0  daddsub.o(.text)
    _dadd                                    0x08000491   Thumb Code    26  daddsub.o(.text)
    __aeabi_dsub                             0x080004ab   Thumb Code     0  daddsub.o(.text)
    _dsub                                    0x080004ab   Thumb Code    22  daddsub.o(.text)
    __aeabi_drsub                            0x080004c1   Thumb Code     0  daddsub.o(.text)
    _drsb                                    0x080004c1   Thumb Code    28  daddsub.o(.text)
    __aeabi_ddiv                             0x080004f1   Thumb Code     0  ddiv.o(.text)
    _ddiv                                    0x080004f1   Thumb Code  1072  ddiv.o(.text)
    _drdiv                                   0x08000921   Thumb Code    20  ddiv.o(.text)
    __aeabi_d2uiz                            0x08000939   Thumb Code     0  dfixui.o(.text)
    _dfixu                                   0x08000939   Thumb Code    68  dfixui.o(.text)
    __aeabi_i2d_normalise                    0x08000981   Thumb Code    66  dflti.o(.text)
    __aeabi_i2d                              0x080009c3   Thumb Code    16  dflti.o(.text)
    _dflt                                    0x080009c3   Thumb Code     0  dflti.o(.text)
    __aeabi_ui2d                             0x080009d3   Thumb Code     6  dflti.o(.text)
    _dfltu                                   0x080009d3   Thumb Code     0  dflti.o(.text)
    __aeabi_dmul                             0x080009d9   Thumb Code     0  dmul.o(.text)
    _dmul                                    0x080009d9   Thumb Code   558  dmul.o(.text)
    __user_setup_stackheap                   0x08000c21   Thumb Code    62  sys_stackheap_outer.o(.text)
    exit                                     0x08000c5f   Thumb Code    16  exit.o(.text)
    __user_libspace                          0x08000c71   Thumb Code     8  libspace.o(.text)
    __user_perproc_libspace                  0x08000c71   Thumb Code     0  libspace.o(.text)
    __user_perthread_libspace                0x08000c71   Thumb Code     0  libspace.o(.text)
    _sys_exit                                0x08000c79   Thumb Code     8  sys_exit.o(.text)
    __I$use$semihosting                      0x08000c85   Thumb Code     0  use_no_semi.o(.text)
    __use_no_semihosting_swi                 0x08000c85   Thumb Code     2  use_no_semi.o(.text)
    __semihosting_library_function           0x08000c87   Thumb Code     0  indicate_semi.o(.text)
    BK2425_GPIO_Init                         0x08000c89   Thumb Code    94  bk2425.o(i.BK2425_GPIO_Init)
    BK2425_Init                              0x08000cf5   Thumb Code    46  bk2425.o(i.BK2425_Init)
    BK2425_RX_Mode                           0x08000d29   Thumb Code    98  bk2425.o(i.BK2425_RX_Mode)
    BK2425_Read_Reg                          0x08000d95   Thumb Code    50  bk2425.o(i.BK2425_Read_Reg)
    BK2425_SPI_RW                            0x08000dcd   Thumb Code   152  bk2425.o(i.BK2425_SPI_RW)
    BK2425_TX_Mode                           0x08000e69   Thumb Code    86  bk2425.o(i.BK2425_TX_Mode)
    BK2425_TxPacket                          0x08000ec9   Thumb Code   122  bk2425.o(i.BK2425_TxPacket)
    BK2425_Write_Buf                         0x08000f49   Thumb Code    86  bk2425.o(i.BK2425_Write_Buf)
    BK2425_Write_Reg                         0x08000fa5   Thumb Code    74  bk2425.o(i.BK2425_Write_Reg)
    Clock_Init                               0x08000ff5   Thumb Code    96  main.o(i.Clock_Init)
    Delay1us                                 0x0800105d   Thumb Code    26  delay.o(i.Delay1us)
    Delay_Init                               0x08001079   Thumb Code    14  delay.o(i.Delay_Init)
    Delay_ms                                 0x0800108d   Thumb Code    24  delay.o(i.Delay_ms)
    Delay_us                                 0x080010a5   Thumb Code    56  delay.o(i.Delay_us)
    Init                                     0x080010e1   Thumb Code    44  main.o(i.Init)
    LED_Init                                 0x08001111   Thumb Code   196  led.o(i.LED_Init)
    Peripheral_Clock_Enable                  0x080011e1   Thumb Code    82  main.o(i.Peripheral_Clock_Enable)
    SystemInit                               0x08001311   Thumb Code   110  system_stm32f0xx.o(i.SystemInit)
    TIM3_IRQHandler                          0x0800138d   Thumb Code   464  touch.o(i.TIM3_IRQHandler)
    TIM6_IRQHandler                          0x08001579   Thumb Code   188  led.o(i.TIM6_IRQHandler)
    Tim3_Init                                0x08001645   Thumb Code   280  touch.o(i.Tim3_Init)
    Touch_Init                               0x0800176d   Thumb Code    48  touch.o(i.Touch_Init)
    main                                     0x080017a5   Thumb Code   122  main.o(i.main)
    BK2425_ADDR_P0                           0x08001830   Data           5  bk2425.o(.constdata)
    __I$use$fp                               0x08001830   Number         0  usenofp.o(x$fpl$usenofp)
    BK2425_ADDR_P1                           0x08001835   Data           5  bk2425.o(.constdata)
    BK2425_ADDR_P2_5                         0x0800183a   Data           4  bk2425.o(.constdata)
    Region$$Table$$Base                      0x080018c0   Number         0  anon$$obj.o(Region$$Table)
    Region$$Table$$Limit                     0x080018e0   Number         0  anon$$obj.o(Region$$Table)
    touch_a                                  0x20000000   Data           8  touch.o(.data)
    touch_t                                  0x20000008   Data           8  touch.o(.data)
    touch_d                                  0x20000010   Data           4  touch.o(.data)
    led_rgb                                  0x20000014   Data           3  led.o(.data)
    BK2425_tx_buf                            0x20000018   Data          32  bk2425.o(.data)
    __libspace_start                         0x20000038   Data          96  libspace.o(.bss)
    __temporary_stack_top$libspace           0x20000098   Data           0  libspace.o(.bss)



==============================================================================

Memory Map of the image

  Image Entry point : 0x080000b5

  Load Region LR_IROM1 (Base: 0x08000000, Size: 0x00001918, Max: 0x00010000, ABSOLUTE)

    Execution Region ER_IROM1 (Base: 0x08000000, Size: 0x000018e0, Max: 0x00010000, ABSOLUTE)

    Base Addr    Size         Type   Attr      Idx    E Section Name        Object

    0x08000000   0x000000b4   Data   RO          441    RESET               startup_stm32f030x8.o
    0x080000b4   0x00000008   Code   RO          454  * !!!main             c_p.l(__main.o)
    0x080000bc   0x0000003c   Code   RO          635    !!!scatter          c_p.l(__scatter.o)
    0x080000f8   0x0000001a   Code   RO          637    !!handler_copy      c_p.l(__scatter_copy.o)
    0x08000112   0x00000002   PAD
    0x08000114   0x0000001c   Code   RO          639    !!handler_zi        c_p.l(__scatter_zi.o)
    0x08000130   0x00000002   Code   RO          504    .ARM.Collect$$libinit$$00000000  c_p.l(libinit.o)
    0x08000132   0x00000000   Code   RO          518    .ARM.Collect$$libinit$$00000002  c_p.l(libinit2.o)
    0x08000132   0x00000000   Code   RO          520    .ARM.Collect$$libinit$$00000004  c_p.l(libinit2.o)
    0x08000132   0x00000000   Code   RO          523    .ARM.Collect$$libinit$$0000000A  c_p.l(libinit2.o)
    0x08000132   0x00000000   Code   RO          525    .ARM.Collect$$libinit$$0000000C  c_p.l(libinit2.o)
    0x08000132   0x00000000   Code   RO          527    .ARM.Collect$$libinit$$0000000E  c_p.l(libinit2.o)
    0x08000132   0x00000000   Code   RO          530    .ARM.Collect$$libinit$$00000011  c_p.l(libinit2.o)
    0x08000132   0x00000000   Code   RO          532    .ARM.Collect$$libinit$$00000013  c_p.l(libinit2.o)
    0x08000132   0x00000000   Code   RO          534    .ARM.Collect$$libinit$$00000015  c_p.l(libinit2.o)
    0x08000132   0x00000000   Code   RO          536    .ARM.Collect$$libinit$$00000017  c_p.l(libinit2.o)
    0x08000132   0x00000000   Code   RO          538    .ARM.Collect$$libinit$$00000019  c_p.l(libinit2.o)
    0x08000132   0x00000000   Code   RO          540    .ARM.Collect$$libinit$$0000001B  c_p.l(libinit2.o)
    0x08000132   0x00000000   Code   RO          542    .ARM.Collect$$libinit$$0000001D  c_p.l(libinit2.o)
    0x08000132   0x00000000   Code   RO          544    .ARM.Collect$$libinit$$0000001F  c_p.l(libinit2.o)
    0x08000132   0x00000000   Code   RO          546    .ARM.Collect$$libinit$$00000021  c_p.l(libinit2.o)
    0x08000132   0x00000000   Code   RO          548    .ARM.Collect$$libinit$$00000023  c_p.l(libinit2.o)
    0x08000132   0x00000000   Code   RO          550    .ARM.Collect$$libinit$$00000025  c_p.l(libinit2.o)
    0x08000132   0x00000000   Code   RO          554    .ARM.Collect$$libinit$$0000002C  c_p.l(libinit2.o)
    0x08000132   0x00000000   Code   RO          556    .ARM.Collect$$libinit$$0000002E  c_p.l(libinit2.o)
    0x08000132   0x00000000   Code   RO          558    .ARM.Collect$$libinit$$00000030  c_p.l(libinit2.o)
    0x08000132   0x00000000   Code   RO          560    .ARM.Collect$$libinit$$00000032  c_p.l(libinit2.o)
    0x08000132   0x00000002   Code   RO          561    .ARM.Collect$$libinit$$00000033  c_p.l(libinit2.o)
    0x08000134   0x00000002   Code   RO          592    .ARM.Collect$$libshutdown$$00000000  c_p.l(libshutdown.o)
    0x08000136   0x00000000   Code   RO          618    .ARM.Collect$$libshutdown$$00000002  c_p.l(libshutdown2.o)
    0x08000136   0x00000000   Code   RO          620    .ARM.Collect$$libshutdown$$00000004  c_p.l(libshutdown2.o)
    0x08000136   0x00000000   Code   RO          623    .ARM.Collect$$libshutdown$$00000007  c_p.l(libshutdown2.o)
    0x08000136   0x00000000   Code   RO          626    .ARM.Collect$$libshutdown$$0000000A  c_p.l(libshutdown2.o)
    0x08000136   0x00000000   Code   RO          628    .ARM.Collect$$libshutdown$$0000000C  c_p.l(libshutdown2.o)
    0x08000136   0x00000000   Code   RO          631    .ARM.Collect$$libshutdown$$0000000F  c_p.l(libshutdown2.o)
    0x08000136   0x00000002   Code   RO          632    .ARM.Collect$$libshutdown$$00000010  c_p.l(libshutdown2.o)
    0x08000138   0x00000000   Code   RO          467    .ARM.Collect$$rtentry$$00000000  c_p.l(__rtentry.o)
    0x08000138   0x00000000   Code   RO          474    .ARM.Collect$$rtentry$$00000002  c_p.l(__rtentry2.o)
    0x08000138   0x00000006   Code   RO          486    .ARM.Collect$$rtentry$$00000004  c_p.l(__rtentry4.o)
    0x0800013e   0x00000000   Code   RO          476    .ARM.Collect$$rtentry$$00000009  c_p.l(__rtentry2.o)
    0x0800013e   0x00000004   Code   RO          477    .ARM.Collect$$rtentry$$0000000A  c_p.l(__rtentry2.o)
    0x08000142   0x00000000   Code   RO          479    .ARM.Collect$$rtentry$$0000000C  c_p.l(__rtentry2.o)
    0x08000142   0x00000008   Code   RO          480    .ARM.Collect$$rtentry$$0000000D  c_p.l(__rtentry2.o)
    0x0800014a   0x00000002   Code   RO          509    .ARM.Collect$$rtexit$$00000000  c_p.l(rtexit.o)
    0x0800014c   0x00000000   Code   RO          565    .ARM.Collect$$rtexit$$00000002  c_p.l(rtexit2.o)
    0x0800014c   0x00000004   Code   RO          566    .ARM.Collect$$rtexit$$00000003  c_p.l(rtexit2.o)
    0x08000150   0x00000006   Code   RO          567    .ARM.Collect$$rtexit$$00000004  c_p.l(rtexit2.o)
    0x08000156   0x00000002   PAD
    0x08000158   0x00000038   Code   RO          442    .text               startup_stm32f030x8.o
    0x08000190   0x00000006   Code   RO          452    .text               c_p.l(heapauxi.o)
    0x08000196   0x00000002   PAD
    0x08000198   0x00000358   Code   RO          456    .text               fz_ps.l(daddsub.o)
    0x080004f0   0x00000448   Code   RO          458    .text               fz_ps.l(ddiv.o)
    0x08000938   0x00000048   Code   RO          461    .text               fz_ps.l(dfixui.o)
    0x08000980   0x00000058   Code   RO          463    .text               fz_ps.l(dflti.o)
    0x080009d8   0x00000248   Code   RO          465    .text               fz_ps.l(dmul.o)
    0x08000c20   0x0000003e   Code   RO          490    .text               c_p.l(sys_stackheap_outer.o)
    0x08000c5e   0x00000010   Code   RO          493    .text               c_p.l(exit.o)
    0x08000c6e   0x00000002   PAD
    0x08000c70   0x00000008   Code   RO          505    .text               c_p.l(libspace.o)
    0x08000c78   0x0000000c   Code   RO          562    .text               c_p.l(sys_exit.o)
    0x08000c84   0x00000002   Code   RO          581    .text               c_p.l(use_no_semi.o)
    0x08000c86   0x00000000   Code   RO          583    .text               c_p.l(indicate_semi.o)
    0x08000c86   0x00000002   PAD
    0x08000c88   0x0000006c   Code   RO          198    i.BK2425_GPIO_Init  bk2425.o
    0x08000cf4   0x00000034   Code   RO          199    i.BK2425_Init       bk2425.o
    0x08000d28   0x0000006c   Code   RO          200    i.BK2425_RX_Mode    bk2425.o
    0x08000d94   0x00000038   Code   RO          201    i.BK2425_Read_Reg   bk2425.o
    0x08000dcc   0x0000009c   Code   RO          202    i.BK2425_SPI_RW     bk2425.o
    0x08000e68   0x00000060   Code   RO          203    i.BK2425_TX_Mode    bk2425.o
    0x08000ec8   0x00000080   Code   RO          204    i.BK2425_TxPacket   bk2425.o
    0x08000f48   0x0000005c   Code   RO          205    i.BK2425_Write_Buf  bk2425.o
    0x08000fa4   0x00000050   Code   RO          206    i.BK2425_Write_Reg  bk2425.o
    0x08000ff4   0x00000068   Code   RO            3    i.Clock_Init        main.o
    0x0800105c   0x0000001a   Code   RO           88    i.Delay1us          delay.o
    0x08001076   0x00000002   PAD
    0x08001078   0x00000014   Code   RO           89    i.Delay_Init        delay.o
    0x0800108c   0x00000018   Code   RO           90    i.Delay_ms          delay.o
    0x080010a4   0x0000003c   Code   RO           91    i.Delay_us          delay.o
    0x080010e0   0x00000030   Code   RO            4    i.Init              main.o
    0x08001110   0x000000d0   Code   RO          165    i.LED_Init          led.o
    0x080011e0   0x00000058   Code   RO            5    i.Peripheral_Clock_Enable  main.o
    0x08001238   0x000000d8   Code   RO          372    i.SetSysClock       system_stm32f0xx.o
    0x08001310   0x0000007c   Code   RO          374    i.SystemInit        system_stm32f0xx.o
    0x0800138c   0x000001ec   Code   RO          126    i.TIM3_IRQHandler   touch.o
    0x08001578   0x000000cc   Code   RO          166    i.TIM6_IRQHandler   led.o
    0x08001644   0x00000128   Code   RO          127    i.Tim3_Init         touch.o
    0x0800176c   0x00000038   Code   RO          128    i.Touch_Init        touch.o
    0x080017a4   0x0000008c   Code   RO            6    i.main              main.o
    0x08001830   0x00000000   Code   RO          472    x$fpl$usenofp       fz_ps.l(usenofp.o)
    0x08001830   0x0000000e   Data   RO          207    .constdata          bk2425.o
    0x0800183e   0x00000080   Data   RO          459    .constdata          fz_ps.l(ddiv.o)
    0x080018be   0x00000002   PAD
    0x080018c0   0x00000020   Data   RO          633    Region$$Table       anon$$obj.o


    Execution Region RW_IRAM1 (Base: 0x20000000, Size: 0x00000698, Max: 0x00002000, ABSOLUTE)

    Base Addr    Size         Type   Attr      Idx    E Section Name        Object

    0x20000000   0x00000014   Data   RW          129    .data               touch.o
    0x20000014   0x00000004   Data   RW          167    .data               led.o
    0x20000018   0x00000020   Data   RW          208    .data               bk2425.o
    0x20000038   0x00000060   Zero   RW          506    .bss                c_p.l(libspace.o)
    0x20000098   0x00000200   Zero   RW          440    HEAP                startup_stm32f030x8.o
    0x20000298   0x00000400   Zero   RW          439    STACK               startup_stm32f030x8.o


==============================================================================

Image component sizes


      Code (inc. data)   RO Data    RW Data    ZI Data      Debug   Object Name

       876         68         14         32          0       5908   bk2425.o
       130         10          0          0          0       1926   delay.o
       412         28          0          4          0       1551   led.o
       380         36          0          0          0       6501   main.o
        56         26        180          0       1536        648   startup_stm32f030x8.o
       340         24          0          0          0       1453   system_stm32f0xx.o
       844         52          0         20          0       2285   touch.o

    ----------------------------------------------------------------------
      3040        244        226         56       1536      20272   Object Totals
         0          0         32          0          0          0   (incl. Generated)
         2          0          0          0          0          0   (incl. Padding)

    ----------------------------------------------------------------------

      Code (inc. data)   RO Data    RW Data    ZI Data      Debug   Library Member Name

         8          0          0          0          0         68   __main.o
         0          0          0          0          0          0   __rtentry.o
        12          0          0          0          0          0   __rtentry2.o
         6          0          0          0          0          0   __rtentry4.o
        60          8          0          0          0          0   __scatter.o
        26          0          0          0          0          0   __scatter_copy.o
        28          0          0          0          0          0   __scatter_zi.o
        16          0          0          0          0         68   exit.o
         6          0          0          0          0        136   heapauxi.o
         0          0          0          0          0          0   indicate_semi.o
         2          0          0          0          0          0   libinit.o
         2          0          0          0          0          0   libinit2.o
         2          0          0          0          0          0   libshutdown.o
         2          0          0          0          0          0   libshutdown2.o
         8          4          0          0         96         68   libspace.o
         2          0          0          0          0          0   rtexit.o
        10          0          0          0          0          0   rtexit2.o
        12          4          0          0          0         60   sys_exit.o
        62          0          0          0          0         80   sys_stackheap_outer.o
         2          0          0          0          0         68   use_no_semi.o
       856         20          0          0          0        208   daddsub.o
      1096         26        128          0          0        112   ddiv.o
        72          4          0          0          0         68   dfixui.o
        88          0          0          0          0         92   dflti.o
       584         26          0          0          0         84   dmul.o
         0          0          0          0          0          0   usenofp.o

    ----------------------------------------------------------------------
      2972         92        130          0         96       1112   Library Totals
        10          0          2          0          0          0   (incl. Padding)

    ----------------------------------------------------------------------

      Code (inc. data)   RO Data    RW Data    ZI Data      Debug   Library Name

       266         16          0          0         96        548   c_p.l
      2696         76        128          0          0        564   fz_ps.l

    ----------------------------------------------------------------------
      2972         92        130          0         96       1112   Library Totals

    ----------------------------------------------------------------------

==============================================================================


      Code (inc. data)   RO Data    RW Data    ZI Data      Debug   

      6012        336        356         56       1632      20104   Grand Totals
      6012        336        356         56       1632      20104   ELF Image Totals
      6012        336        356         56          0          0   ROM Totals

==============================================================================

    Total RO  Size (Code + RO Data)                 6368 (   6.22kB)
    Total RW  Size (RW Data + ZI Data)              1688 (   1.65kB)
    Total ROM Size (Code + RO Data + RW Data)       6424 (   6.27kB)

==============================================================================

