<html>
<body>
<pre>
<h1>礦ision Build Log</h1>
<h2>Tool Versions:</h2>
IDE-Version: μVision V5.21.1.0
Copyright (C) 2016 ARM Ltd and ARM Germany GmbH. All rights reserved.
License Information: 晓凯 佘, 绍兴文理学院, LIC=4ZLLQ-N3LVQ-YBLE9-4XD1V-CELBA-L8HDJ
 
Tool Versions:
Toolchain:       MDK-ARM Professional  Version: 5.21a
Toolchain Path:  D:\Work\MDK5\ARM\ARMCC\Bin
C Compiler:      Armcc.exe V5.06 update 3 (build 300)
Assembler:       Armasm.exe V5.06 update 3 (build 300)
Linker/Locator:  ArmLink.exe V5.06 update 3 (build 300)
Library Manager: ArmAr.exe V5.06 update 3 (build 300)
Hex Converter:   FromElf.exe V5.06 update 3 (build 300)
CPU DLL:         SARMCM3.DLL V5.21a
Dialog DLL:      DARMCM1.DLL V1.14.0.0
Target DLL:      Segger\JL2CM3.dll V2.99.23.0
Dialog DLL:      TARMCM1.DLL V1.10.0.0
 
<h2>Project:</h2>
E:\Project\多路采集系统\MultipathDataAcquisition\Program\MultipathDataAcquisition\Project\MultipathDataAcquisition.uvprojx
Project File Date:  10/22/2018

<h2>Output:</h2>
*** Using Compiler 'V5.06 update 3 (build 300)', folder: 'D:\Work\MDK5\ARM\ARMCC\Bin'
Build target 'MultipathDataAcquisition'
compiling Main.c...
linking...
Program Size: Code=2412 RO-data=1732 RW-data=0 ZI-data=1632  
".\Objects\MultipathDataAcquisition.axf" - 0 Error(s), 0 Warning(s).

<h2>Collection of Component include folders:</h2>
  E:\Project\多路采集系统\MultipathDataAcquisition\Program\MultipathDataAcquisition\Project\RTE
  D:\Work\MDK5\ARM\PACK\Keil\STM32F0xx_DFP\2.0.0\Drivers\CMSIS\Device\ST\STM32F0xx\Include

<h2>Collection of Component Files used:</h2>
Build Time Elapsed:  00:00:01
</pre>
</body>
</html>
